This is a background test task.
Done.
